Archive member included because of file (symbol)

/usr/lib/gcc/avr/4.3.4/avr25/libgcc.a(_udivmodqi4.o)
                              klima.o (__udivmodqi4)
/usr/lib/gcc/avr/4.3.4/avr25/libgcc.a(_exit.o)
                              /usr/lib/gcc/avr/4.3.4/../../../avr/lib/avr25/crttn2313.o (exit)
/usr/lib/gcc/avr/4.3.4/avr25/libgcc.a(_copy_data.o)
                              klima.o (__do_copy_data)
/usr/lib/gcc/avr/4.3.4/avr25/libgcc.a(_clear_bss.o)
                              klima.o (__do_clear_bss)
/usr/lib/gcc/avr/4.3.4/../../../avr/lib/avr25/libc.a(itoa.o)
                              klima.o (itoa)
/usr/lib/gcc/avr/4.3.4/../../../avr/lib/avr25/libc.a(strrev.o)
                              /usr/lib/gcc/avr/4.3.4/../../../avr/lib/avr25/libc.a(itoa.o) (strrev)
/usr/lib/gcc/avr/4.3.4/avr25/libgcc.a(_udivmodhi4.o)
                              /usr/lib/gcc/avr/4.3.4/../../../avr/lib/avr25/libc.a(itoa.o) (__udivmodhi4)

Allocating common symbols
Common symbol       size              file

teploty             0x6               klima.o
stopky              0x1               klima.o
flags               0x1               klima.o
m                   0x4               klima.o

Memory Configuration

Name             Origin             Length             Attributes
text             0x00000000         0x00002000         xr
data             0x00800060         0x0000ffa0         rw !x
eeprom           0x00810000         0x00010000         rw !x
fuse             0x00820000         0x00000400         rw !x
lock             0x00830000         0x00000400         rw !x
signature        0x00840000         0x00000400         rw !x
*default*        0x00000000         0xffffffff

Linker script and memory map

LOAD /usr/lib/gcc/avr/4.3.4/../../../avr/lib/avr25/crttn2313.o
LOAD /usr/lib/gcc/avr/4.3.4/../../../avr/lib/avr25/libm.a
LOAD klima.o
LOAD /usr/lib/gcc/avr/4.3.4/avr25/libgcc.a
LOAD /usr/lib/gcc/avr/4.3.4/../../../avr/lib/avr25/libc.a
LOAD /usr/lib/gcc/avr/4.3.4/avr25/libgcc.a

.hash
 *(.hash)

.dynsym
 *(.dynsym)

.dynstr
 *(.dynstr)

.gnu.version
 *(.gnu.version)

.gnu.version_d
 *(.gnu.version_d)

.gnu.version_r
 *(.gnu.version_r)

.rel.init
 *(.rel.init)

.rela.init
 *(.rela.init)

.rel.text
 *(.rel.text)
 *(.rel.text.*)
 *(.rel.gnu.linkonce.t*)

.rela.text
 *(.rela.text)
 *(.rela.text.*)
 *(.rela.gnu.linkonce.t*)

.rel.fini
 *(.rel.fini)

.rela.fini
 *(.rela.fini)

.rel.rodata
 *(.rel.rodata)
 *(.rel.rodata.*)
 *(.rel.gnu.linkonce.r*)

.rela.rodata
 *(.rela.rodata)
 *(.rela.rodata.*)
 *(.rela.gnu.linkonce.r*)

.rel.data
 *(.rel.data)
 *(.rel.data.*)
 *(.rel.gnu.linkonce.d*)

.rela.data
 *(.rela.data)
 *(.rela.data.*)
 *(.rela.gnu.linkonce.d*)

.rel.ctors
 *(.rel.ctors)

.rela.ctors
 *(.rela.ctors)

.rel.dtors
 *(.rel.dtors)

.rela.dtors
 *(.rela.dtors)

.rel.got
 *(.rel.got)

.rela.got
 *(.rela.got)

.rel.bss
 *(.rel.bss)

.rela.bss
 *(.rela.bss)

.rel.plt
 *(.rel.plt)

.rela.plt
 *(.rela.plt)

.text           0x00000000      0x69c
 *(.vectors)
 .vectors       0x00000000       0x26 /usr/lib/gcc/avr/4.3.4/../../../avr/lib/avr25/crttn2313.o
                0x00000000                __vectors
                0x00000000                __vector_default
 *(.vectors)
 *(.progmem.gcc*)
 *(.progmem*)
                0x00000026                . = ALIGN (0x2)
                0x00000026                __trampolines_start = .
 *(.trampolines)
 .trampolines   0x00000026        0x0 linker stubs
 *(.trampolines*)
                0x00000026                __trampolines_end = .
 *(.jumptables)
 *(.jumptables*)
 *(.lowtext)
 *(.lowtext*)
                0x00000026                __ctors_start = .
 *(.ctors)
                0x00000026                __ctors_end = .
                0x00000026                __dtors_start = .
 *(.dtors)
                0x00000026                __dtors_end = .
 SORT(*)(.ctors)
 SORT(*)(.dtors)
 *(.init0)
 .init0         0x00000026        0x0 /usr/lib/gcc/avr/4.3.4/../../../avr/lib/avr25/crttn2313.o
                0x00000026                __init
 *(.init0)
 *(.init1)
 *(.init1)
 *(.init2)
 .init2         0x00000026        0x8 /usr/lib/gcc/avr/4.3.4/../../../avr/lib/avr25/crttn2313.o
 *(.init2)
 *(.init3)
 *(.init3)
 *(.init4)
 .init4         0x0000002e       0x16 /usr/lib/gcc/avr/4.3.4/avr25/libgcc.a(_copy_data.o)
                0x0000002e                __do_copy_data
 .init4         0x00000044       0x10 /usr/lib/gcc/avr/4.3.4/avr25/libgcc.a(_clear_bss.o)
                0x00000044                __do_clear_bss
 *(.init4)
 *(.init5)
 *(.init5)
 *(.init6)
 *(.init6)
 *(.init7)
 *(.init7)
 *(.init8)
 *(.init8)
 *(.init9)
 .init9         0x00000054        0x4 /usr/lib/gcc/avr/4.3.4/../../../avr/lib/avr25/crttn2313.o
 *(.init9)
 *(.text)
 .text          0x00000058        0x2 /usr/lib/gcc/avr/4.3.4/../../../avr/lib/avr25/crttn2313.o
                0x00000058                __vector_1
                0x00000058                __vector_12
                0x00000058                __bad_interrupt
                0x00000058                __vector_3
                0x00000058                __vector_11
                0x00000058                __vector_13
                0x00000058                __vector_17
                0x00000058                __vector_7
                0x00000058                __vector_5
                0x00000058                __vector_4
                0x00000058                __vector_9
                0x00000058                __vector_2
                0x00000058                __vector_15
                0x00000058                __vector_8
                0x00000058                __vector_14
                0x00000058                __vector_10
                0x00000058                __vector_16
                0x00000058                __vector_18
 .text          0x0000005a      0x5a0 klima.o
                0x0000005a                one_reset
                0x00000098                one_read_byte
                0x000000e4                one_write_byte
                0x00000132                send_convert
                0x00000144                send_getTemp
                0x00000156                init_595
                0x00000164                zapis_seg
                0x00000192                zobraz_dis
                0x00000198                chartoled
                0x000001c8                strtoled
                0x0000020a                nastav_casovac
                0x0000021c                convert_tep
                0x0000022e                citaj_tep
                0x00000284                __vector_6
                0x00000386                vypis
                0x00000408                nastav
                0x000004d0                zobraz_teploty
                0x0000052e                main
 .text          0x000005fa        0x0 /usr/lib/gcc/avr/4.3.4/avr25/libgcc.a(_udivmodqi4.o)
 .text          0x000005fa        0x0 /usr/lib/gcc/avr/4.3.4/avr25/libgcc.a(_exit.o)
 .text          0x000005fa        0x0 /usr/lib/gcc/avr/4.3.4/avr25/libgcc.a(_copy_data.o)
 .text          0x000005fa        0x0 /usr/lib/gcc/avr/4.3.4/avr25/libgcc.a(_clear_bss.o)
 .text          0x000005fa        0x0 /usr/lib/gcc/avr/4.3.4/../../../avr/lib/avr25/libc.a(itoa.o)
 .text          0x000005fa        0x0 /usr/lib/gcc/avr/4.3.4/../../../avr/lib/avr25/libc.a(strrev.o)
 .text          0x000005fa        0x0 /usr/lib/gcc/avr/4.3.4/avr25/libgcc.a(_udivmodhi4.o)
                0x000005fa                . = ALIGN (0x2)
 *(.text.*)
 .text.libgcc   0x000005fa       0x18 /usr/lib/gcc/avr/4.3.4/avr25/libgcc.a(_udivmodqi4.o)
                0x000005fa                __udivmodqi4
 .text.libgcc   0x00000612        0x0 /usr/lib/gcc/avr/4.3.4/avr25/libgcc.a(_exit.o)
 .text.libgcc   0x00000612        0x0 /usr/lib/gcc/avr/4.3.4/avr25/libgcc.a(_copy_data.o)
 .text.libgcc   0x00000612        0x0 /usr/lib/gcc/avr/4.3.4/avr25/libgcc.a(_clear_bss.o)
 .text.avr-libc
                0x00000612       0x3e /usr/lib/gcc/avr/4.3.4/../../../avr/lib/avr25/libc.a(itoa.o)
                0x00000612                itoa
 .text.avr-libc
                0x00000650       0x20 /usr/lib/gcc/avr/4.3.4/../../../avr/lib/avr25/libc.a(strrev.o)
                0x00000650                strrev
 .text.libgcc   0x00000670       0x28 /usr/lib/gcc/avr/4.3.4/avr25/libgcc.a(_udivmodhi4.o)
                0x00000670                __udivmodhi4
                0x00000698                . = ALIGN (0x2)
 *(.fini9)
 .fini9         0x00000698        0x0 /usr/lib/gcc/avr/4.3.4/avr25/libgcc.a(_exit.o)
                0x00000698                exit
                0x00000698                _exit
 *(.fini9)
 *(.fini8)
 *(.fini8)
 *(.fini7)
 *(.fini7)
 *(.fini6)
 *(.fini6)
 *(.fini5)
 *(.fini5)
 *(.fini4)
 *(.fini4)
 *(.fini3)
 *(.fini3)
 *(.fini2)
 *(.fini2)
 *(.fini1)
 *(.fini1)
 *(.fini0)
 .fini0         0x00000698        0x4 /usr/lib/gcc/avr/4.3.4/avr25/libgcc.a(_exit.o)
 *(.fini0)
                0x0000069c                _etext = .

.data           0x00800060       0x24 load address 0x0000069c
                0x00800060                PROVIDE (__data_start, .)
 *(.data)
 .data          0x00800060        0x0 /usr/lib/gcc/avr/4.3.4/../../../avr/lib/avr25/crttn2313.o
 .data          0x00800060       0x24 klima.o
                0x00800060                LED_num_table
                0x0080006a                LED_alph_table
 .data          0x00800084        0x0 /usr/lib/gcc/avr/4.3.4/avr25/libgcc.a(_udivmodqi4.o)
 .data          0x00800084        0x0 /usr/lib/gcc/avr/4.3.4/avr25/libgcc.a(_exit.o)
 .data          0x00800084        0x0 /usr/lib/gcc/avr/4.3.4/avr25/libgcc.a(_copy_data.o)
 .data          0x00800084        0x0 /usr/lib/gcc/avr/4.3.4/avr25/libgcc.a(_clear_bss.o)
 .data          0x00800084        0x0 /usr/lib/gcc/avr/4.3.4/../../../avr/lib/avr25/libc.a(itoa.o)
 .data          0x00800084        0x0 /usr/lib/gcc/avr/4.3.4/../../../avr/lib/avr25/libc.a(strrev.o)
 .data          0x00800084        0x0 /usr/lib/gcc/avr/4.3.4/avr25/libgcc.a(_udivmodhi4.o)
 *(.data*)
 *(.rodata)
 *(.rodata*)
 *(.gnu.linkonce.d*)
                0x00800084                . = ALIGN (0x2)
                0x00800084                _edata = .
                0x00800084                PROVIDE (__data_end, .)

.bss            0x00800084        0xe
                0x00800084                PROVIDE (__bss_start, .)
 *(.bss)
 .bss           0x00800084        0x0 /usr/lib/gcc/avr/4.3.4/../../../avr/lib/avr25/crttn2313.o
 .bss           0x00800084        0x2 klima.o
                0x00800084                casovac
                0x00800085                scitac
 .bss           0x00800086        0x0 /usr/lib/gcc/avr/4.3.4/avr25/libgcc.a(_udivmodqi4.o)
 .bss           0x00800086        0x0 /usr/lib/gcc/avr/4.3.4/avr25/libgcc.a(_exit.o)
 .bss           0x00800086        0x0 /usr/lib/gcc/avr/4.3.4/avr25/libgcc.a(_copy_data.o)
 .bss           0x00800086        0x0 /usr/lib/gcc/avr/4.3.4/avr25/libgcc.a(_clear_bss.o)
 .bss           0x00800086        0x0 /usr/lib/gcc/avr/4.3.4/../../../avr/lib/avr25/libc.a(itoa.o)
 .bss           0x00800086        0x0 /usr/lib/gcc/avr/4.3.4/../../../avr/lib/avr25/libc.a(strrev.o)
 .bss           0x00800086        0x0 /usr/lib/gcc/avr/4.3.4/avr25/libgcc.a(_udivmodhi4.o)
 *(.bss*)
 *(COMMON)
 COMMON         0x00800086        0xc klima.o
                0x00800086                teploty
                0x0080008c                stopky
                0x0080008d                flags
                0x0080008e                m
                0x00800092                PROVIDE (__bss_end, .)
                0x0000069c                __data_load_start = LOADADDR (.data)
                0x000006c0                __data_load_end = (__data_load_start + SIZEOF (.data))

.noinit         0x00800092        0x0
                0x00800092                PROVIDE (__noinit_start, .)
 *(.noinit*)
                0x00800092                PROVIDE (__noinit_end, .)
                0x00800092                _end = .
                0x00800092                PROVIDE (__heap_start, .)

.eeprom         0x00810000        0x0
 *(.eeprom*)
                0x00810000                __eeprom_end = .

.fuse
 *(.fuse)
 *(.lfuse)
 *(.hfuse)
 *(.efuse)

.lock
 *(.lock*)

.signature
 *(.signature*)

.stab           0x00000000     0x1f50
 *(.stab)
 .stab          0x00000000      0x69c /usr/lib/gcc/avr/4.3.4/../../../avr/lib/avr25/crttn2313.o
 .stab          0x0000069c     0x162c klima.o
                               0x1638 (size before relaxing)
 .stab          0x00001cc8      0x1b0 /usr/lib/gcc/avr/4.3.4/../../../avr/lib/avr25/libc.a(itoa.o)
                                0x1bc (size before relaxing)
 .stab          0x00001e78       0xd8 /usr/lib/gcc/avr/4.3.4/../../../avr/lib/avr25/libc.a(strrev.o)
                                 0xe4 (size before relaxing)

.stabstr        0x00000000      0xd74
 *(.stabstr)
 .stabstr       0x00000000      0xd74 /usr/lib/gcc/avr/4.3.4/../../../avr/lib/avr25/crttn2313.o

.stab.excl
 *(.stab.excl)

.stab.exclstr
 *(.stab.exclstr)

.stab.index
 *(.stab.index)

.stab.indexstr
 *(.stab.indexstr)

.comment
 *(.comment)

.debug
 *(.debug)

.line
 *(.line)

.debug_srcinfo
 *(.debug_srcinfo)

.debug_sfnames
 *(.debug_sfnames)

.debug_aranges
 *(.debug_aranges)

.debug_pubnames
 *(.debug_pubnames)

.debug_info
 *(.debug_info)
 *(.gnu.linkonce.wi.*)

.debug_abbrev
 *(.debug_abbrev)

.debug_line
 *(.debug_line)

.debug_frame
 *(.debug_frame)

.debug_str
 *(.debug_str)

.debug_loc
 *(.debug_loc)

.debug_macinfo
 *(.debug_macinfo)
OUTPUT(klima.out elf32-avr)
LOAD linker stubs
